// Jest Snapshot v1, https://goo.gl/fbAQLP

exports[`components/headings/H1 should render H1 1`] = `
<h1
  className="bdl-H1 moo"
>
  foo
</h1>
`;
