// Jest Snapshot v1, https://goo.gl/fbAQLP

exports[`components/headings/H4 should render H4 1`] = `
<h4
  className="bdl-H4 moo"
>
  foo
</h4>
`;
